GFX_BW.c:22:6:GFX_SetFont	16	static
GFX_BW.c:27:6:GFX_SetFontSize	16	static
GFX_BW.c:33:9:GFX_GetFontHeight	8	static
GFX_BW.c:38:9:GFX_GetFontWidth	8	static
GFX_BW.c:43:9:GFX_GetFontSize	8	static
GFX_BW.c:48:6:GFX_DrawChar	48	static
GFX_BW.c:76:6:GFX_DrawString	48	static
GFX_BW.c:97:6:GFX_WriteLine	56	static
GFX_BW.c:138:6:GFX_DrawFastVLine	40	static
GFX_BW.c:143:6:GFX_DrawFastHLine	40	static
GFX_BW.c:148:6:GFX_DrawLine	48	static
GFX_BW.c:164:6:GFX_DrawRectangle	32	static
GFX_BW.c:175:6:GFX_DrawFillRectangle	32	static
GFX_BW.c:184:6:GFX_DrawCircle	48	static
GFX_BW.c:220:6:GFX_DrawCircleHelper	56	static
GFX_BW.c:257:6:GFX_DrawFillCircleHelper	56	static
GFX_BW.c:288:6:GFX_DrawFillCircle	32	static
GFX_BW.c:296:6:GFX_DrawRoundRectangle	48	static
GFX_BW.c:310:6:GFX_DrawFillRoundRectangle	48	static
GFX_BW.c:322:6:GFX_DrawTriangle	40	static
GFX_BW.c:330:6:GFX_DrawFillTriangle	96	static
GFX_BW.c:408:6:GFX_Image	40	static
